[santhemes.com/tidytheme/aducat/index.html]
[backblue.gif]
[fade.gif]
[index.html]
[santhemes.com/tidytheme/aducat/images/favicon.png]
[santhemes.com/tidytheme/aducat/css/animate.css]
[santhemes.com/tidytheme/aducat/css/hover.css]
[santhemes.com/tidytheme/aducat/css/magnific-popup.css]
[santhemes.com/tidytheme/aducat/css/owl.carousel.css]
[santhemes.com/tidytheme/aducat/css/slick.css]
[santhemes.com/tidytheme/aducat/css/normalize.css]
[santhemes.com/tidytheme/aducat/css/bootstrap.min.css]
[santhemes.com/tidytheme/aducat/css/responsive.css]
[santhemes.com/tidytheme/aducat/css/style.css]
[santhemes.com/tidytheme/aducat/images/logo.png]
[santhemes.com/tidytheme/aducat/index-two.html]
[santhemes.com/tidytheme/aducat/about.html]
[santhemes.com/tidytheme/aducat/course-category.html]
[santhemes.com/tidytheme/aducat/courses.html]
[santhemes.com/tidytheme/aducat/single-course.html]
[santhemes.com/tidytheme/aducat/login.html]
[santhemes.com/tidytheme/aducat/register.html]
[santhemes.com/tidytheme/aducat/teachers.html]
[santhemes.com/tidytheme/aducat/single-teacher.html]
[santhemes.com/tidytheme/aducat/events.html]
[santhemes.com/tidytheme/aducat/single-event.html]
[santhemes.com/tidytheme/aducat/gallery.html]
[santhemes.com/tidytheme/aducat/404.html]
[santhemes.com/tidytheme/aducat/blog.html]
[santhemes.com/tidytheme/aducat/single-blog.html]
[santhemes.com/tidytheme/aducat/contact.html]
[santhemes.com/tidytheme/aducat/images/coding.png]
[santhemes.com/tidytheme/aducat/images/hero-men2.png]
[santhemes.com/tidytheme/aducat/images/hero_students.png]
[santhemes.com/tidytheme/aducat/images/pencil.png]
[santhemes.com/tidytheme/aducat/images/ellipse1.png]
[santhemes.com/tidytheme/aducat/images/ellipse11.png]
[santhemes.com/tidytheme/aducat/images/ellipse3.png]
[santhemes.com/tidytheme/aducat/images/ellipse4.png]
[santhemes.com/tidytheme/aducat/images/ellipse7.png]
[santhemes.com/tidytheme/aducat/images/ellipse10.png]
[santhemes.com/tidytheme/aducat/images/ellipse9.png]
[santhemes.com/tidytheme/aducat/images/hero-men3.png]
[santhemes.com/tidytheme/aducat/images/about.png]
[santhemes.com/tidytheme/aducat/images/cat-icon1.png]
[santhemes.com/tidytheme/aducat/images/cat-icon2.png]
[santhemes.com/tidytheme/aducat/images/cat-icon3.png]
[santhemes.com/tidytheme/aducat/images/cat-icon4.png]
[santhemes.com/tidytheme/aducat/images/courses1.jpg]
[santhemes.com/tidytheme/aducat/images/courses2.jpg]
[santhemes.com/tidytheme/aducat/images/courses3.jpg]
[santhemes.com/tidytheme/aducat/images/courses4.jpg]
[santhemes.com/tidytheme/aducat/images/courses5.jpg]
[santhemes.com/tidytheme/aducat/images/courses6.jpg]
[santhemes.com/tidytheme/aducat/images/best_book.jpg]
[santhemes.com/tidytheme/aducat/images/feedback.png]
[santhemes.com/tidytheme/aducat/services.html]
[santhemes.com/tidytheme/aducat/js/jquery-1.12.4.min.js]
[santhemes.com/tidytheme/aducat/js/plugins.js]
[santhemes.com/tidytheme/aducat/js/bootstrap.min.js]
[santhemes.com/tidytheme/aducat/js/slick.min.js]
[santhemes.com/tidytheme/aducat/js/jquery.stellar.min.js]
[santhemes.com/tidytheme/aducat/index.html]
[santhemes.com/tidytheme/aducat/css/animate.css]
[santhemes.com/tidytheme/aducat/css/hover.css]
[santhemes.com/tidytheme/aducat/js/main.js]
[santhemes.com/tidytheme/aducat/css/magnific-popup.css]
[santhemes.com/tidytheme/aducat/css/owl.video.play.png]
[santhemes.com/tidytheme/aducat/css/owl.carousel.css]
[santhemes.com/tidytheme/aducat/fonts/slick.eot]
[santhemes.com/tidytheme/aducat/fonts/slickd41d.eot]
[santhemes.com/tidytheme/aducat/fonts/slick.woff]
[santhemes.com/tidytheme/aducat/fonts/slick.ttf]
[santhemes.com/tidytheme/aducat/fonts/slick.svg]
[santhemes.com/tidytheme/aducat/css/slick.css]
[santhemes.com/tidytheme/aducat/css/bootstrap.min.css]
[santhemes.com/tidytheme/aducat/css/normalize.css]
[santhemes.com/tidytheme/aducat/icon/custom-icons/css/custom-icons.css]
[santhemes.com/tidytheme/aducat/icon/pe-icon-7-stroke/css/pe-icon-7-stroke.css]
[santhemes.com/tidytheme/aducat/icon/elegant-icons/style.css]
[santhemes.com/tidytheme/aducat/css/font-awesome.min.css]
[santhemes.com/tidytheme/aducat/images/pre_loader.gif]
[santhemes.com/tidytheme/aducat/images/header.jpg]
[santhemes.com/tidytheme/aducat/images/gallery1.jpg]
[santhemes.com/tidytheme/aducat/images/gallery2.jpg]
[santhemes.com/tidytheme/aducat/images/gallery3.jpg]
[santhemes.com/tidytheme/aducat/images/gallery4.jpg]
[santhemes.com/tidytheme/aducat/images/gallery5.jpg]
[santhemes.com/tidytheme/aducat/images/gallery6.jpg]
[santhemes.com/tidytheme/aducat/css/style.css]
[santhemes.com/tidytheme/aducat/css/responsive.css]
[santhemes.com/tidytheme/aducat/images/hero-men.png]
[santhemes.com/tidytheme/aducat/images/ellipse2.png]
[santhemes.com/tidytheme/aducat/images/ellipse5.png]
[santhemes.com/tidytheme/aducat/images/ellipse6.png]
[santhemes.com/tidytheme/aducat/images/ellipse8.png]
[santhemes.com/tidytheme/aducat/index-two.html]
[santhemes.com/tidytheme/aducat/images/funfact1.png]
[santhemes.com/tidytheme/aducat/images/funfact2.png]
[santhemes.com/tidytheme/aducat/images/funfact3.png]
[santhemes.com/tidytheme/aducat/images/funfact4.png]
[santhemes.com/tidytheme/aducat/about.html]
[santhemes.com/tidytheme/aducat/course-category.html]
[santhemes.com/tidytheme/aducat/courses.html]
[santhemes.com/tidytheme/aducat/images/blog1.jpg]
[santhemes.com/tidytheme/aducat/images/author.png]
[santhemes.com/tidytheme/aducat/images/instructor1.png]
[santhemes.com/tidytheme/aducat/images/instructor2.png]
[santhemes.com/tidytheme/aducat/images/instructor3.png]
[santhemes.com/tidytheme/aducat/images/instructor4.png]
[santhemes.com/tidytheme/aducat/single-course.html]
[santhemes.com/tidytheme/aducat/login.html]
[santhemes.com/tidytheme/aducat/register.html]
[santhemes.com/tidytheme/aducat/images/teacher1.jpg]
[santhemes.com/tidytheme/aducat/images/teacher2.jpg]
[santhemes.com/tidytheme/aducat/images/teacher3.jpg]
[santhemes.com/tidytheme/aducat/images/teacher4.jpg]
[santhemes.com/tidytheme/aducat/images/teacher5.jpg]
[santhemes.com/tidytheme/aducat/images/teacher6.jpg]
[santhemes.com/tidytheme/aducat/teachers.html]
[santhemes.com/tidytheme/aducat/single-teacher.html]
[santhemes.com/tidytheme/aducat/events.html]
[santhemes.com/tidytheme/aducat/single-event.html]
[santhemes.com/tidytheme/aducat/single-gallery.html]
[santhemes.com/tidytheme/aducat/gallery.html]
[santhemes.com/tidytheme/aducat/404.html]
[santhemes.com/tidytheme/aducat/images/blog2.jpg]
[santhemes.com/tidytheme/aducat/images/blog3.jpg]
[santhemes.com/tidytheme/aducat/blog.html]
[santhemes.com/tidytheme/aducat/images/author2.png]
[santhemes.com/tidytheme/aducat/images/author3.png]
[santhemes.com/tidytheme/aducat/single-blog.html]
[santhemes.com/tidytheme/aducat/contact.html]
[santhemes.com/tidytheme/aducat/services.html]
[santhemes.com/tidytheme/aducat/js/jquery-1.12.4.min.js]
[santhemes.com/tidytheme/aducat/js/plugins.js]
[santhemes.com/tidytheme/aducat/js/bootstrap.min.js]
[santhemes.com/tidytheme/aducat/js/slick.min.js]
[santhemes.com/tidytheme/aducat/js/jquery.stellar.min.js]
[santhemes.com/tidytheme/aducat/js/main.js]
[santhemes.com/tidytheme/aducat/css/owl.video.play.html]
[santhemes.com/tidytheme/aducat/fonts/slick.html]
[santhemes.com/tidytheme/aducat/fonts/slickd41d.html]
[santhemes.com/tidytheme/aducat/fonts/slick-2.html]
[santhemes.com/tidytheme/aducat/fonts/slick-3.html]
[santhemes.com/tidytheme/aducat/fonts/slick-4.html]
[santhemes.com/tidytheme/aducat/icon/custom-icons/font/custom-iconsf59a.eot]
[santhemes.com/tidytheme/aducat/icon/custom-icons/font/custom-iconsf59a.woff]
[santhemes.com/tidytheme/aducat/icon/custom-icons/font/custom-iconsf59a.ttf]
[santhemes.com/tidytheme/aducat/icon/custom-icons/css/custom-icons.css]
[santhemes.com/tidytheme/aducat/icon/custom-icons/font/custom-iconsf59a.svg]
[santhemes.com/tidytheme/aducat/icon/pe-icon-7-stroke/fonts/Pe-icon-7-strokebb1d.eot]
[santhemes.com/tidytheme/aducat/icon/pe-icon-7-stroke/fonts/Pe-icon-7-stroked41d.eot]
[santhemes.com/tidytheme/aducat/icon/pe-icon-7-stroke/fonts/Pe-icon-7-strokebb1d.woff]
[santhemes.com/tidytheme/aducat/icon/pe-icon-7-stroke/fonts/Pe-icon-7-strokebb1d.ttf]
[santhemes.com/tidytheme/aducat/icon/pe-icon-7-stroke/css/pe-icon-7-stroke.css]
[santhemes.com/tidytheme/aducat/icon/pe-icon-7-stroke/fonts/Pe-icon-7-strokebb1d.svg]
[santhemes.com/tidytheme/aducat/icon/elegant-icons/fonts/ElegantIcons.eot]
[santhemes.com/tidytheme/aducat/icon/elegant-icons/fonts/ElegantIconsd41d.eot]
[santhemes.com/tidytheme/aducat/icon/elegant-icons/fonts/ElegantIcons.ttf]
[santhemes.com/tidytheme/aducat/icon/elegant-icons/fonts/ElegantIcons.svg]
[santhemes.com/tidytheme/aducat/icon/elegant-icons/fonts/ElegantIcons.woff]
[santhemes.com/tidytheme/aducat/icon/elegant-icons/style.css]
[santhemes.com/tidytheme/aducat/fonts/fa-brands-400.eot]
[santhemes.com/tidytheme/aducat/fonts/fa-brands-400d41d.eot]
[santhemes.com/tidytheme/aducat/fonts/fa-brands-400.woff2]
[santhemes.com/tidytheme/aducat/fonts/fa-brands-400.woff]
[santhemes.com/tidytheme/aducat/fonts/fa-brands-400.ttf]
[santhemes.com/tidytheme/aducat/fonts/fa-brands-400.svg]
[santhemes.com/tidytheme/aducat/fonts/fa-duotone-900.eot]
[santhemes.com/tidytheme/aducat/fonts/fa-duotone-900d41d.eot]
[santhemes.com/tidytheme/aducat/fonts/fa-duotone-900.woff2]
[santhemes.com/tidytheme/aducat/fonts/fa-duotone-900.woff]
[santhemes.com/tidytheme/aducat/fonts/fa-duotone-900.ttf]
[santhemes.com/tidytheme/aducat/fonts/fa-duotone-900.svg]
[santhemes.com/tidytheme/aducat/fonts/fa-light-300.eot]
[santhemes.com/tidytheme/aducat/fonts/fa-light-300d41d.eot]
[santhemes.com/tidytheme/aducat/fonts/fa-light-300.woff2]
[santhemes.com/tidytheme/aducat/fonts/fa-light-300.woff]
[santhemes.com/tidytheme/aducat/fonts/fa-light-300.ttf]
[santhemes.com/tidytheme/aducat/fonts/fa-light-300.svg]
[santhemes.com/tidytheme/aducat/fonts/fa-regular-400.eot]
[santhemes.com/tidytheme/aducat/fonts/fa-regular-400d41d.eot]
[santhemes.com/tidytheme/aducat/fonts/fa-regular-400.woff2]
[santhemes.com/tidytheme/aducat/fonts/fa-regular-400.woff]
[santhemes.com/tidytheme/aducat/fonts/fa-regular-400.ttf]
[santhemes.com/tidytheme/aducat/fonts/fa-regular-400.svg]
[santhemes.com/tidytheme/aducat/fonts/fa-solid-900.eot]
[santhemes.com/tidytheme/aducat/fonts/fa-solid-900d41d.eot]
[santhemes.com/tidytheme/aducat/fonts/fa-solid-900.woff2]
[santhemes.com/tidytheme/aducat/fonts/fa-solid-900.woff]
[santhemes.com/tidytheme/aducat/fonts/fa-solid-900.ttf]
[santhemes.com/tidytheme/aducat/fonts/fa-solid-900.svg]
[santhemes.com/tidytheme/aducat/css/font-awesome.min.css]
[santhemes.com/tidytheme/aducat/single-gallery.html]
[santhemes.com/tidytheme/aducat/icon/custom-icons/font/custom-iconsf59a.svg]
[santhemes.com/tidytheme/aducat/icon/pe-icon-7-stroke/fonts/Pe-icon-7-strokebb1d.svg]
[santhemes.com/tidytheme/aducat/icon/elegant-icons/fonts/ElegantIcons.html]
[santhemes.com/tidytheme/aducat/fonts/fa-brands-400.html]
[santhemes.com/tidytheme/aducat/fonts/fa-brands-401.html]
[santhemes.com/tidytheme/aducat/fonts/fa-duotone-900.html]
[santhemes.com/tidytheme/aducat/fonts/fa-duotone-901.html]
[santhemes.com/tidytheme/aducat/fonts/fa-light-300.html]
[santhemes.com/tidytheme/aducat/fonts/fa-light-301.html]
[santhemes.com/tidytheme/aducat/fonts/fa-regular-400.html]
[santhemes.com/tidytheme/aducat/fonts/fa-regular-401.html]
[santhemes.com/tidytheme/aducat/fonts/fa-solid-900.html]
[santhemes.com/tidytheme/aducat/fonts/fa-solid-901.html]
